[zohaibanwer.com/index.html]
[zohaibanwer.com/xmlrpc.php]
[backblue.gif]
[fade.gif]
[index.html]
[zohaibanwer.com/feed/index.html]
[zohaibanwer.com/wp-includes/css/dist/block-library/style.min7661.css]
[zohaibanwer.com/wp-content/plugins/contact-form-7/includes/css/styles1748.css]
[zohaibanwer.com/wp-content/plugins/js_composer/assets/css/js_composer.min7661.css]
[zohaibanwer.com/wp-content/themes/porto/css/bootstrap_17661.css]
[zohaibanwer.com/wp-content/themes/porto/css/plugins_17661.css]
[zohaibanwer.com/wp-content/themes/porto/css/theme_elements_17661.css]
[zohaibanwer.com/comments/feed/index.html]
[zohaibanwer.com/wp-content/themes/porto/css/theme_17661.css]
[zohaibanwer.com/wp-content/themes/porto/css/skin_17661.css]
[zohaibanwer.com/wp-content/themes/porto/style7661.css]
[zohaibanwer.com/wp-includes/js/jquery/jquery-migrate.min330a.js]
[zohaibanwer.com/wp-includes/js/jquery/jquery4a5f.js]
[cdnjs.cloudflare.com/ajax/libs/jquery-easing/1.4.1/jquery.easing.min7661.js]
[zohaibanwer.com/xmlrpc0db0.php]
[zohaibanwer.com/wp-json/index.html]
[zohaibanwer.com/wp-content/themes/porto/js/plugins.min631d.js]
[zohaibanwer.com/wp-includes/wlwmanifest.xml]
[zohaibanwer.com/wp-json/oembed/1.0/embedb0c6.json]
[zohaibanwer.com/wp-json/oembed/1.0/embedaf27]
[zohaibanwer.com/wp-content/uploads/2017/02/contact-bg-1-10c98.jpg]
[cdnjs.cloudflare.com/ajax/libs/simple-line-icons/2.4.1/css/simple-line-icons.css]
[static.zotabox.com/b/9/b9b6c553b6cd19d6683029ef19a84d6e/widgets.js]
[zohaibanwer.com/wp-content/uploads/2018/12/ZohaibAnwer_designer.jpg]
[zohaibanwer.com/wp-content/uploads/2017/02/mouse-1.png]
[zohaibanwer.com/author/admin/index.html]
[zohaibanwer.com/wp-content/uploads/2019/06/Zohaib-Anwer-CV.doc]
[zohaibanwer.com/wp-content/uploads/2020/06/016.jpg]
[zohaibanwer.com/wp-content/uploads/2020/06/022.jpg]
[zohaibanwer.com/wp-content/uploads/2020/06/021.jpg]
[zohaibanwer.com/wp-content/uploads/2020/06/020.jpg]
[zohaibanwer.com/wp-content/uploads/2020/06/018.jpg]
[zohaibanwer.com/wp-content/uploads/2020/06/017.jpg]
[zohaibanwer.com/wp-content/uploads/2020/06/014.jpg]
[zohaibanwer.com/wp-content/uploads/2020/06/013.jpg]
[zohaibanwer.com/wp-content/uploads/2020/06/012.jpg]
[zohaibanwer.com/wp-content/uploads/2020/06/011.jpg]
[zohaibanwer.com/wp-content/uploads/2020/06/010.jpg]
[zohaibanwer.com/wp-content/uploads/2020/06/009.jpg]
[zohaibanwer.com/wp-content/uploads/2020/06/008.jpg]
[zohaibanwer.com/wp-content/uploads/2020/06/007.jpg]
[zohaibanwer.com/wp-content/uploads/2020/06/006.jpg]
[zohaibanwer.com/wp-content/uploads/2020/06/005.jpg]
[zohaibanwer.com/wp-content/uploads/2020/06/004.jpg]
[zohaibanwer.com/wp-content/uploads/2020/06/003.jpg]
[zohaibanwer.com/wp-content/uploads/2020/06/002.jpg]
[zohaibanwer.com/wp-content/uploads/2020/06/001.jpg]
[zohaibanwer.com/wp-content/uploads/2019/06/Banner.png]
[zohaibanwer.com/wp-content/uploads/2019/06/TRAVLOGISTAN.png]
[zohaibanwer.com/wp-content/uploads/2019/06/GEOTUNE.png]
[zohaibanwer.com/wp-content/uploads/2019/06/CriCondo.png]
[zohaibanwer.com/wp-content/uploads/2019/06/cartoon.png]
[zohaibanwer.com/wp-content/uploads/2019/06/Famous-Apparel.png]
[zohaibanwer.com/wp-content/uploads/2019/06/MANSYS-Solution.png]
[zohaibanwer.com/wp-content/uploads/2019/06/Irish-Setter.png]
[zohaibanwer.com/wp-content/uploads/2019/06/Mansys.png]
[zohaibanwer.com/wp-content/uploads/2019/06/Crunchy-Choice.png]
[zohaibanwer.com/wp-content/uploads/2019/06/oct-1.png]
[zohaibanwer.com/wp-content/uploads/2019/06/Display.jpg]
[zohaibanwer.com/wp-content/plugins/contact-form-7/includes/js/scripts1748.js]
[zohaibanwer.com/wp-includes/js/comment-reply.min7661.js]
[zohaibanwer.com/wp-content/themes/porto/js/theme.min631d.js]
[zohaibanwer.com/wp-includes/js/wp-embed.min7661.js]
[zohaibanwer.com/wp-content/plugins/js_composer/assets/lib/waypoints/waypoints.min7661.js]
[zohaibanwer.com/index.html]
[zohaibanwer.com/xmlrpc.php]
[zohaibanwer.com/wp-includes/css/dist/block-library/style.min7661.css]
[zohaibanwer.com/wp-content/plugins/contact-form-7/images/ajax-loader.gif]
[zohaibanwer.com/wp-content/plugins/contact-form-7/includes/css/styles1748.css]
[zohaibanwer.com/wp-content/plugins/js_composer/assets/vc/alert.png]
[zohaibanwer.com/wp-content/plugins/js_composer/assets/vc/info.png]
[zohaibanwer.com/wp-content/plugins/js_composer/assets/vc/tick.png]
[zohaibanwer.com/wp-content/plugins/js_composer/assets/vc/exclamation.png]
[zohaibanwer.com/wp-content/plugins/js_composer/assets/images/icons/address-book.png]
[zohaibanwer.com/wp-content/plugins/js_composer/assets/images/icons/alarm-clock.png]
[zohaibanwer.com/wp-content/plugins/js_composer/assets/images/icons/anchor.png]
[zohaibanwer.com/wp-content/plugins/js_composer/assets/images/icons/application-image.png]
[zohaibanwer.com/wp-content/plugins/js_composer/assets/images/icons/arrow.png]
[zohaibanwer.com/wp-content/plugins/js_composer/assets/images/icons/asterisk.png]
[zohaibanwer.com/wp-content/plugins/js_composer/assets/images/icons/auction-hammer.png]
[zohaibanwer.com/wp-content/plugins/js_composer/assets/images/icons/balloon.png]
[zohaibanwer.com/wp-content/plugins/js_composer/assets/images/icons/balloon-buzz.png]
[zohaibanwer.com/wp-content/plugins/js_composer/assets/images/icons/balloon-facebook.png]
[zohaibanwer.com/wp-content/plugins/js_composer/assets/images/icons/balloon-twitter.png]
[zohaibanwer.com/wp-content/plugins/js_composer/assets/images/icons/battery-full.png]
[zohaibanwer.com/wp-content/plugins/js_composer/assets/images/icons/binocular.png]
[zohaibanwer.com/wp-content/plugins/js_composer/assets/images/icons/blue-document-excel.png]
[zohaibanwer.com/wp-content/plugins/js_composer/assets/images/icons/blue-document-image.png]
[zohaibanwer.com/wp-content/plugins/js_composer/assets/images/icons/blue-document-music.png]
[zohaibanwer.com/wp-content/plugins/js_composer/assets/images/icons/blue-document-office.png]
[zohaibanwer.com/wp-content/plugins/js_composer/assets/images/icons/blue-document-pdf.png]
[zohaibanwer.com/wp-content/plugins/js_composer/assets/images/icons/blue-document-powerpoint.png]
[zohaibanwer.com/wp-content/plugins/js_composer/assets/images/icons/blue-document-word.png]
[zohaibanwer.com/wp-content/plugins/js_composer/assets/images/icons/bookmark.png]
[zohaibanwer.com/wp-content/plugins/js_composer/assets/images/icons/camcorder.png]
[zohaibanwer.com/wp-content/plugins/js_composer/assets/images/icons/camera.png]
[zohaibanwer.com/wp-content/plugins/js_composer/assets/images/icons/chart.png]
[zohaibanwer.com/wp-content/plugins/js_composer/assets/images/icons/chart-pie.png]
[zohaibanwer.com/wp-content/plugins/js_composer/assets/images/icons/clock.png]
[zohaibanwer.com/wp-content/plugins/js_composer/assets/images/icons/control.png]
[zohaibanwer.com/wp-content/plugins/js_composer/assets/images/icons/fire.png]
[zohaibanwer.com/wp-content/plugins/js_composer/assets/images/icons/heart.png]
[zohaibanwer.com/wp-content/plugins/js_composer/assets/images/icons/mail.png]
[zohaibanwer.com/wp-content/plugins/js_composer/assets/images/icons/plus-shield.png]
[zohaibanwer.com/wp-content/plugins/js_composer/assets/images/icons/video.png]
[zohaibanwer.com/wp-content/plugins/js_composer/assets/fonts/vc_icons_v2/fonts/vcpb-plugin-icons01aa.ttf]
[zohaibanwer.com/wp-content/plugins/js_composer/assets/fonts/vc_icons_v2/fonts/vcpb-plugin-icons01aa.woff]
[zohaibanwer.com/wp-content/plugins/js_composer/assets/fonts/vc_icons_v2/fonts/vcpb-plugin-icons01aa.svg]
[zohaibanwer.com/wp-content/plugins/js_composer/assets/images/toggle_open.png]
[zohaibanwer.com/wp-content/plugins/js_composer/assets/images/toggle_close.png]
[zohaibanwer.com/wp-content/plugins/js_composer/assets/images/flickr.png]
[zohaibanwer.com/wp-content/plugins/js_composer/assets/fonts/vc_grid/vc_grid_v157a1.eot]
[zohaibanwer.com/wp-content/plugins/js_composer/assets/fonts/vc_grid/vc_grid_v1d41d.eot]
[zohaibanwer.com/wp-content/plugins/js_composer/assets/fonts/vc_grid/vc_grid_v157a1.woff]
[zohaibanwer.com/wp-content/plugins/js_composer/assets/fonts/vc_grid/vc_grid_v157a1.ttf]
[zohaibanwer.com/wp-content/plugins/js_composer/assets/fonts/vc_grid/vc_grid_v157a1.svg]
[zohaibanwer.com/wp-content/plugins/js_composer/assets/images/spinner.gif]
[zohaibanwer.com/wp-content/plugins/js_composer/assets/vc/remove.png]
[zohaibanwer.com/wp-content/plugins/js_composer/assets/css/js_composer.min7661.css]
[zohaibanwer.com/wp-content/themes/porto/fonts/bootstrap/glyphicons-halflings-regular.eot]
[zohaibanwer.com/wp-content/themes/porto/fonts/bootstrap/glyphicons-halflings-regular.woff2]
[zohaibanwer.com/wp-content/themes/porto/fonts/bootstrap/glyphicons-halflings-regulard41d.eot]
[zohaibanwer.com/wp-content/themes/porto/fonts/bootstrap/glyphicons-halflings-regular.woff]
[zohaibanwer.com/wp-content/themes/porto/fonts/bootstrap/glyphicons-halflings-regular.ttf]
[zohaibanwer.com/wp-content/themes/porto/fonts/bootstrap/glyphicons-halflings-regular.svg]
[zohaibanwer.com/wp-content/themes/porto/css/bootstrap_17661.css]
[zohaibanwer.com/wp-content/themes/porto/fonts/minicart-font/minicart-fontc619.eot]
[zohaibanwer.com/wp-content/themes/porto/fonts/minicart-font/minicart-fontd41d.eot]
[zohaibanwer.com/wp-content/themes/porto/fonts/minicart-font/minicart-fontc619.woff]
[zohaibanwer.com/wp-content/themes/porto/fonts/minicart-font/minicart-fontc619.ttf]
[zohaibanwer.com/wp-content/themes/porto/fonts/minicart-font/minicart-fontc619.svg]
[zohaibanwer.com/wp-content/themes/porto/fonts/fontawesome/fontawesome-webfont5b62.eot]
[zohaibanwer.com/wp-content/themes/porto/fonts/fontawesome/fontawesome-webfontd41d.eot]
[zohaibanwer.com/wp-content/themes/porto/fonts/fontawesome/fontawesome-webfont5b62.woff2]
[zohaibanwer.com/wp-content/themes/porto/fonts/fontawesome/fontawesome-webfont5b62.woff]
[zohaibanwer.com/wp-content/themes/porto/fonts/fontawesome/fontawesome-webfont5b62.ttf]
[zohaibanwer.com/wp-content/themes/porto/fonts/elusive/elusiveicons-webfontd41d.eot]
[zohaibanwer.com/wp-content/themes/porto/fonts/fontawesome/fontawesome-webfont5b62.svg]
[zohaibanwer.com/wp-content/themes/porto/fonts/elusive/elusiveicons-webfont28b5.woff]
[zohaibanwer.com/wp-content/themes/porto/fonts/elusive/elusiveicons-webfont28b5.ttf]
[zohaibanwer.com/wp-content/themes/porto/fonts/elusive/elusiveicons-webfont28b5.svg]
[zohaibanwer.com/wp-content/themes/porto/images/owl.video.play.png]
[zohaibanwer.com/wp-content/themes/porto/css/images/fancybox_sprite.png]
[zohaibanwer.com/wp-content/themes/porto/css/images/fancybox_loading.gif]
[zohaibanwer.com/wp-content/themes/porto/css/images/fancybox_sprite@2x.png]
[zohaibanwer.com/wp-content/themes/porto/css/images/fancybox_loading@2x.gif]
[zohaibanwer.com/wp-content/themes/porto/fonts/Simple-Line-Icons/Simple-Line-Iconsec97.eot]
[zohaibanwer.com/wp-content/themes/porto/fonts/Simple-Line-Icons/Simple-Line-Iconsec97.ttf]
[zohaibanwer.com/wp-content/themes/porto/css/plugins_17661.css]
[zohaibanwer.com/wp-content/themes/porto/fonts/Simple-Line-Icons/Simple-Line-Iconsec97.svg]
[zohaibanwer.com/wp-content/themes/porto/images/flags.png]
[zohaibanwer.com/wp-content/themes/porto/images/AjaxLoader.gif]
[zohaibanwer.com/wp-content/themes/porto/images/video-overlay.png]
[zohaibanwer.com/wp-content/themes/porto/img/video-overlay-dark.png]
[zohaibanwer.com/wp-content/themes/porto/images/patterns/stripes.png]
[zohaibanwer.com/wp-content/themes/porto/images/arrows.png]
[zohaibanwer.com/wp-content/themes/porto/images/arrows-dark.png]
[zohaibanwer.com/wp-content/themes/porto/images/concept.png]
[zohaibanwer.com/wp-content/themes/porto/images/concept-item.png]
[zohaibanwer.com/wp-content/themes/porto/images/concept-icons.png]
[zohaibanwer.com/wp-content/themes/porto/images/map.png]
[zohaibanwer.com/wp-content/themes/porto/images/history-thumb.png]
[zohaibanwer.com/wp-content/themes/porto/css/theme_elements_17661.css]
[zohaibanwer.com/wp-content/themes/porto/fonts/porto-font/porto6399.eot]
[zohaibanwer.com/wp-content/themes/porto/fonts/porto-font/porto6399.woff2]
[zohaibanwer.com/wp-content/themes/porto/fonts/porto-font/porto6399.woff]
[zohaibanwer.com/wp-content/themes/porto/fonts/porto-font/porto6399.ttf]
[zohaibanwer.com/wp-content/themes/porto/fonts/porto-font/porto6399.svg]
[zohaibanwer.com/wp-content/themes/porto/images/ajax-loader@2x.gif]
[zohaibanwer.com/wp-content/themes/porto/css/theme_17661.css]
[zohaibanwer.com/wp-content/themes/porto/css/skin_17661.css]
[zohaibanwer.com/wp-content/themes/porto/style7661.css]
[zohaibanwer.com/wp-includes/js/jquery/jquery4a5f.js]
[zohaibanwer.com/wp-includes/js/jquery/jquery-migrate.min330a.js]
[zohaibanwer.com/wp-content/themes/porto/js/plugins.min631d.js]
[cdnjs.cloudflare.com/ajax/libs/simple-line-icons/2.4.1/css/simple-line-icons.css]
[zohaibanwer.com/author/admin/index.html]
[zohaibanwer.com/hello-world/index.html]
[zohaibanwer.com/design-driven/index.html]
[zohaibanwer.com/wp-content/plugins/contact-form-7/includes/js/scripts1748.js]
[zohaibanwer.com/uiux-concepts/index.html]
[zohaibanwer.com/wp-content/uploads/2020/06/017.jpg]
[zohaibanwer.com/wp-includes/js/comment-reply.min7661.js]
[zohaibanwer.com/wp-content/uploads/2020/06/015.jpg]
[zohaibanwer.com/wp-content/plugins/js_composer/assets/js/dist/js_composer_front.min7661.js]
[zohaibanwer.com/wp-content/themes/porto/js/theme.min631d.js]
[zohaibanwer.com/gecko/index.html]
[zohaibanwer.com/applewebkit/index.html]
[zohaibanwer.com/wp-includes/js/wp-embed.min7661.js]
[zohaibanwer.com/mozilla/index.html]
[zohaibanwer.com/wp-content/plugins/js_composer/assets/lib/waypoints/waypoints.min7661.js]
[zohaibanwer.com/wp-content/plugins/js_composer/assets/fonts/vc_icons_v2/fonts/vcpb-plugin-icons01aa.svg]
[zohaibanwer.com/wp-content/plugins/js_composer/assets/fonts/vc_grid/vc_grid_v157a1.svg]
[zohaibanwer.com/wp-content/themes/porto/fonts/bootstrap/glyphicons-halflings-regular.svg]
[zohaibanwer.com/wp-content/themes/porto/fonts/minicart-font/minicart-fontc619.svg]
[zohaibanwer.com/wp-content/themes/porto/fonts/fontawesome/fontawesome-webfont5b62.svg]
[zohaibanwer.com/wp-content/themes/porto/fonts/elusive/elusiveicons-webfont28b5.eot]
[zohaibanwer.com/wp-content/themes/porto/fonts/elusive/elusiveicons-webfont28b5.svg]
[zohaibanwer.com/wp-content/themes/porto/css/images/blank.gif]
[zohaibanwer.com/wp-content/themes/porto/fonts/Simple-Line-Icons/Simple-Line-Iconsec97.woff]
[zohaibanwer.com/wp-content/themes/porto/fonts/Simple-Line-Icons/Simple-Line-Iconsec97.svg]
[zohaibanwer.com/wp-content/themes/porto/img/video-overlay-dark.html]
[zohaibanwer.com/wp-content/themes/porto/images/patterns/worn_dots.png]
[zohaibanwer.com/wp-content/themes/porto/fonts/porto-font/porto6399.svg]
[zohaibanwer.com/wp-content/themes/porto/images/patterns/az_subtle.png]
[zohaibanwer.com/author/admin/feed/index.html]
[zohaibanwer.com/wp-json/oembed/1.0/embed4d8f.json]
[zohaibanwer.com/hello-world/feed/index.html]
[zohaibanwer.com/wp-json/oembed/1.0/embed21ba]
[zohaibanwer.com/wp-content/uploads/2017/02/blog-2-1-450x209.jpg]
[zohaibanwer.com/category/uncategorized/index.html]
[zohaibanwer.com/wp-content/uploads/2017/02/blog-1-1-450x209.jpg]
[zohaibanwer.com/wp-login.html]
[zohaibanwer.com/hello-world/index.html]
[zohaibanwer.com/hello-world/index6809.html]
[zohaibanwer.com/2018/12/index.html]
[zohaibanwer.com/2017/02/index.html]
[zohaibanwer.com/wp-json/oembed/1.0/embedd627.json]
[zohaibanwer.com/design-driven/feed/index.html]
[zohaibanwer.com/wp-json/oembed/1.0/embed192f]
[zohaibanwer.com/design-driven/index.html]
[zohaibanwer.com/wp-json/oembed/1.0/embedcbeb.json]
[zohaibanwer.com/uiux-concepts/feed/index.html]
[zohaibanwer.com/wp-json/oembed/1.0/embedb2cb]
[zohaibanwer.com/uiux-concepts/index.html]
[zohaibanwer.com/wp-content/uploads/2020/06/018.jpg]
[apis.google.com/js/plusone.js]
[assets.pinterest.com/js/pinit.js]
[zohaibanwer.com/wp-content/plugins/js_composer/assets/js/dist/js_composer_front.min7661.js]
[zohaibanwer.com/gecko/index.html]
[zohaibanwer.com/applewebkit/index.html]
[zohaibanwer.com/mozilla/index.html]
[zohaibanwer.com/indexcff1.html]
[zohaibanwer.com/category/uncategorized/index.html]
[zohaibanwer.com/hello-world/index6809.html]
[zohaibanwer.com/2018/12/index.html]
[zohaibanwer.com/category/uncategorized/feed/index.html]
[zohaibanwer.com/AppleWebKit/index-2.html]
[zohaibanwer.com/Popover requires tooltip.js]
[zohaibanwer.com/2017/02/index.html]
[zohaibanwer.com/wp-includes/css/buttons.min7661.css]
[zohaibanwer.com/2017/index.html]
[zohaibanwer.com/2018/index.html]
[zohaibanwer.com/wp-includes/css/dashicons.min7661.css]
[zohaibanwer.com/wp-admin/css/forms.min7661.css]
[zohaibanwer.com/wp-admin/css/l10n.min7661.css]
[zohaibanwer.com/wp-admin/css/login.min7661.css]
[zohaibanwer.com/wp-loginc2b6.html]
[zohaibanwer.com/wp-includes/js/zxcvbn-async.min5152.js]
[zohaibanwer.com/wp-admin/js/password-strength-meter.min7661.js]
[zohaibanwer.com/wp-includes/js/underscore.min4511.js]
[zohaibanwer.com/wp-includes/js/wp-util.min7661.js]
[zohaibanwer.com/wp-admin/js/user-profile.min7661.js]
[zohaibanwer.com/wp-login.html]
[zohaibanwer.com/index4579.html]
[zohaibanwer.com/index2dc8.html]
[zohaibanwer.com/AppleWebKit/index-2.html]
[zohaibanwer.com/Popover requires tooltip.js]
[zohaibanwer.com/2018/index.html]
[zohaibanwer.com/2017/index.html]
[zohaibanwer.com/wp-includes/fonts/dashicons2ce6.eot]
[zohaibanwer.com/wp-includes/fonts/dashicons2ce6.ttf]
[zohaibanwer.com/wp-includes/css/dashicons.min7661.css]
[zohaibanwer.com/wp-includes/css/buttons.min7661.css]
[zohaibanwer.com/wp-admin/images/loading.gif]
[zohaibanwer.com/wp-admin/css/forms.min7661.css]
[zohaibanwer.com/wp-admin/css/l10n.min7661.css]
[zohaibanwer.com/wp-admin/images/w-logo-blue7a53.png]
[zohaibanwer.com/wp-admin/images/wordpress-logo7d6b.svg]
[zohaibanwer.com/wp-admin/css/login.min7661.css]
[zohaibanwer.com/wp-loginc2b6.html]
[zohaibanwer.com/wp-includes/js/zxcvbn-async.min5152.js]
[zohaibanwer.com/wp-admin/js/password-strength-meter.min7661.js]
[zohaibanwer.com/wp-includes/js/underscore.min4511.js]
[zohaibanwer.com/wp-includes/js/wp-util.min7661.js]
[zohaibanwer.com/wp-admin/js/user-profile.min7661.js]
[zohaibanwer.com/wp-admin/images/wordpress-logo7d6b.svg]
